
> device-diagnostics-dashboard@0.0.0 build
> vite build

[36mvite v6.4.1 [32mbuilding for production...[36m[39m
transforming...
[32mΓ£ô[39m 2383 modules transformed.
rendering chunks...
computing gzip size...
[2mdist/[22m[32mregisterSW.js                       [39m[1m[2m    0.13 kB[22m[1m[22m
[2mdist/[22m[32mmanifest.webmanifest                [39m[1m[2m    0.37 kB[22m[1m[22m
[2mdist/[22m[32mindex.html                          [39m[1m[2m    0.88 kB[22m[1m[22m[2m Γöé gzip:   0.53 kB[22m
[2mdist/[22m[35massets/index-CKDQbQFk.css           [39m[1m[2m   41.98 kB[22m[1m[22m[2m Γöé gzip:   7.10 kB[22m
[2mdist/[22m[36massets/purify.es-B9ZVCkUG.js        [39m[1m[2m   22.64 kB[22m[1m[22m[2m Γöé gzip:   8.75 kB[22m
[2mdist/[22m[36massets/index.es-CznzmjdW.js         [39m[1m[2m  159.38 kB[22m[1m[22m[2m Γöé gzip:  53.43 kB[22m
[2mdist/[22m[36massets/html2canvas.esm-QH1iLAAe.js  [39m[1m[2m  202.38 kB[22m[1m[22m[2m Γöé gzip:  48.04 kB[22m
[2mdist/[22m[36massets/index-ffnvEmQt.js            [39m[1m[33m1,368.91 kB[39m[22m[2m Γöé gzip: 399.06 kB[22m
node.exe : [33m
At line:1 char:1
+ & "C:\Program Files\nodejs/node.exe" 
"C:\Users\HackRore\AppData\Roami ...
+ ~~~~~~~~~~~~~~~~~~~~~~~~~~~~~~~~~~~~~~~~~~
~~~~~~~~~~~~~~~~~~~~~~~~~~~
    + CategoryInfo          : NotSpecified: 
    ([33m:String) [], RemoteException
    + FullyQualifiedErrorId : NativeCommand 
   Error
 
(!) Some chunks are larger than 500 kB 
after minification. Consider:
- Using dynamic import() to code-split the 
application
- Use 
build.rollupOptions.output.manualChunks to 
improve chunking: https://rollupjs.org/confi
guration-options/#output-manualchunks
- Adjust chunk size limit for this warning 
via build.chunkSizeWarningLimit.[39m
[32mΓ£ô built in 15.36s[39m

PWA v1.2.0
mode      generateSW
precache  8 entries (1754.20 KiB)
files generated
  dist/sw.js
  dist/workbox-1d305bb8.js
